// Jest Snapshot v1, https://goo.gl/fbAQLP

exports[`renders Manager who has reportees 1`] = `
<div
  className="Reportees-root-1"
>
  <div
    height="1rem"
  >
     
  </div>
  <div
    className="Reportees-person-4"
  >
    <span>
      Manager 
    </span>
  </div>
  <div
    className="Reportees-person-4"
  >
    <span>
      Someone 
    </span>
  </div>
</div>
`;

exports[`renders Someone with no reportees 1`] = `
<div
  className="Reportees-root-1"
>
  <div
    height="1rem"
  >
     
  </div>
  <div
    className="Reportees-person-4"
  >
    <span>
      Manager 
    </span>
  </div>
  <div
    className="Reportees-person-4"
  >
    <span>
      Someone 
    </span>
  </div>
</div>
`;
